// Jest Snapshot v1, https://goo.gl/fbAQLP

exports[`Real Estate container test Should render component without errors 1`] = `
<div>
  <div
    class="MuiBox-root css-1nrtrq8"
  >
    <div
      class="MuiBox-root css-ku36ua"
    >
      <div
        class="MuiBox-root css-zti9x5"
      >
        <div
          class="MuiBox-root css-1i6msmp"
        >
          <div
            class="MuiBox-root css-iryi8b"
          >
            <button
              aria-label="searcheable real estate"
              class="MuiButtonBase-root MuiIconButton-root MuiIconButton-colorSecondary MuiIconButton-sizeMedium css-1gws2xf-MuiButtonBase-root-MuiIconButton-root"
              data-testid="filter-box-button"
              tabindex="0"
              type="button"
            >
              <svg
                aria-hidden="true"
                class="MuiSvgIcon-root MuiSvgIcon-fontSizeLarge css-tzssek-MuiSvgIcon-root"
                data-testid="SearchIcon"
                focusable="false"
                viewBox="0 0 24 24"
              >
                <path
                  d="M15.5 14h-.79l-.28-.27C15.41 12.59 16 11.11 16 9.5 16 5.91 13.09 3 9.5 3S3 5.91 3 9.5 5.91 16 9.5 16c1.61 0 3.09-.59 4.23-1.57l.27.28v.79l5 4.99L20.49 19l-4.99-5zm-6 0C7.01 14 5 11.99 5 9.5S7.01 5 9.5 5 14 7.01 14 9.5 11.99 14 9.5 14z"
                />
              </svg>
              <span
                class="MuiTouchRipple-root css-8je8zh-MuiTouchRipple-root"
              />
            </button>
          </div>
        </div>
      </div>
      <div
        class="MuiPaper-root MuiPaper-elevation MuiPaper-rounded MuiPaper-elevation3 css-amy87t-MuiPaper-root"
      >
        <div
          class="MuiBox-root css-8dn448"
        >
          <h4
            class="MuiTypography-root MuiTypography-h4 css-jxviq7-MuiTypography-root"
          >
            realEstate.list.title
          </h4>
          <img
            alt="build"
            class="css-btig0q"
            src="/images/build.svg"
          />
          <h4
            class="MuiTypography-root MuiTypography-h4 css-jxviq7-MuiTypography-root"
          >
            realEstate.list.subTitle
          </h4>
          <button
            aria-label="searcheable real estate"
            class="MuiButtonBase-root MuiIconButton-root MuiIconButton-colorSecondary MuiIconButton-sizeMedium css-j03kxq-MuiButtonBase-root-MuiIconButton-root"
            tabindex="0"
            type="button"
          >
            <svg
              aria-hidden="true"
              class="MuiSvgIcon-root MuiSvgIcon-fontSizeLarge css-tzssek-MuiSvgIcon-root"
              data-testid="SearchIcon"
              focusable="false"
              viewBox="0 0 24 24"
            >
              <path
                d="M15.5 14h-.79l-.28-.27C15.41 12.59 16 11.11 16 9.5 16 5.91 13.09 3 9.5 3S3 5.91 3 9.5 5.91 16 9.5 16c1.61 0 3.09-.59 4.23-1.57l.27.28v.79l5 4.99L20.49 19l-4.99-5zm-6 0C7.01 14 5 11.99 5 9.5S7.01 5 9.5 5 14 7.01 14 9.5 11.99 14 9.5 14z"
              />
            </svg>
            <span
              class="MuiTouchRipple-root css-8je8zh-MuiTouchRipple-root"
            />
          </button>
        </div>
      </div>
    </div>
  </div>
</div>
`;
