// Jest Snapshot v1, https://goo.gl/fbAQLP

exports[`YearPicker component test Should render component without errors 1`] = `
<div>
  <div
    aria-expanded="false"
    class="MuiAutocomplete-root MuiAutocomplete-hasPopupIcon css-mmax81-MuiAutocomplete-root"
    role="combobox"
  >
    <div
      class="MuiFormControl-root MuiFormControl-fullWidth MuiTextField-root css-jemhih-MuiFormControl-root-MuiTextField-root"
    >
      <label
        class="MuiInputLabel-root MuiInputLabel-formControl MuiInputLabel-animated MuiInputLabel-standard MuiFormLabel-root MuiFormLabel-colorInfo css-ahcq22-MuiFormLabel-root-MuiInputLabel-root"
        data-shrink="false"
        for="year-picker-My year picker"
        id="year-picker-My year picker-label"
      >
        My year picker
      </label>
      <div
        class="MuiInput-root MuiInput-underline MuiInputBase-root MuiInputBase-colorInfo MuiInputBase-fullWidth MuiInputBase-formControl MuiInputBase-adornedEnd MuiAutocomplete-inputRoot css-194ngh9-MuiInputBase-root-MuiInput-root"
      >
        <input
          aria-autocomplete="list"
          aria-invalid="false"
          autocapitalize="none"
          autocomplete="off"
          class="MuiInput-input MuiInputBase-input MuiInputBase-inputAdornedEnd MuiAutocomplete-input MuiAutocomplete-inputFocused css-1x51dt5-MuiInputBase-input-MuiInput-input"
          id="year-picker-My year picker"
          spellcheck="false"
          type="text"
          value=""
        />
        <div
          class="MuiAutocomplete-endAdornment css-1q60rmi-MuiAutocomplete-endAdornment"
        >
          <button
            aria-label="Open"
            class="MuiButtonBase-root MuiIconButton-root MuiIconButton-sizeMedium MuiAutocomplete-popupIndicator css-qzbt6i-MuiButtonBase-root-MuiIconButton-root-MuiAutocomplete-popupIndicator"
            tabindex="-1"
            title="Open"
            type="button"
          >
            <svg
              aria-hidden="true"
              class="MuiSvgIcon-root MuiSvgIcon-fontSizeMedium css-i4bv87-MuiSvgIcon-root"
              data-testid="ArrowDropDownIcon"
              focusable="false"
              viewBox="0 0 24 24"
            >
              <path
                d="M7 10l5 5 5-5z"
              />
            </svg>
            <span
              class="MuiTouchRipple-root css-8je8zh-MuiTouchRipple-root"
            />
          </button>
        </div>
      </div>
    </div>
  </div>
</div>
`;
